// Jest Snapshot v1, https://goo.gl/fbAQLP

exports[`CdsBadge snapshot 1`] = `
<div>
  <CdsBadge
    status="info"
  >
    <cds-badge>
      2
    </cds-badge>
  </CdsBadge>
  <CdsBadge
    status="success"
  >
    <cds-badge>
      3
    </cds-badge>
  </CdsBadge>
  <CdsBadge
    status="warning"
  >
    <cds-badge>
      12
    </cds-badge>
  </CdsBadge>
  <CdsBadge
    status="danger"
  >
    <cds-badge>
      15
    </cds-badge>
  </CdsBadge>
  <CdsBadge
    color="gray"
  >
    <cds-badge>
      1
    </cds-badge>
  </CdsBadge>
  <CdsBadge
    color="purple"
  >
    <cds-badge>
      6
    </cds-badge>
  </CdsBadge>
  <CdsBadge
    color="blue"
  >
    <cds-badge>
      15
    </cds-badge>
  </CdsBadge>
  <CdsBadge
    color="orange"
  >
    <cds-badge>
      2
    </cds-badge>
  </CdsBadge>
  <CdsBadge
    color="light-blue"
  >
    <cds-badge>
      3
    </cds-badge>
  </CdsBadge>
</div>
`;
