// Jest Snapshot v1, https://goo.gl/fbAQLP

exports[`CdsButtonInline snapshot 1`] = `
<div>
  <cds-button-inline
    tabindex="0"
  />
</div>
`;
