// Jest Snapshot v1, https://goo.gl/fbAQLP

exports[`CdsButton snapshot 1`] = `
<div>
  <CdsButton
    status="primary"
  >
    <cds-button>
      primary
    </cds-button>
  </CdsButton>
  <CdsButton
    status="success"
  >
    <cds-button>
      success
    </cds-button>
  </CdsButton>
  <CdsButton
    status="danger"
  >
    <cds-button>
      danger
    </cds-button>
  </CdsButton>
  <CdsButton
    disabled={true}
    status="danger"
  >
    <cds-button>
      disabled
    </cds-button>
  </CdsButton>
</div>
`;
