// Jest Snapshot v1, https://goo.gl/fbAQLP

exports[`CdsTextarea snapshot 1`] = `
<div>
  <h3>
    Vertical
  </h3>
  <CdsFormGroup
    layout="vertical"
  >
    <cds-form-group>
      <CdsTextarea
        layout="vertical"
      >
        <cds-textarea>
          <label>
            label
          </label>
          <textarea />
          <CdsControlMessage>
            <cds-control-message>
              message text
            </cds-control-message>
          </CdsControlMessage>
        </cds-textarea>
      </CdsTextarea>
      <CdsTextarea
        layout="vertical"
        status="error"
      >
        <cds-textarea>
          <label>
            error status
          </label>
          <textarea />
          <CdsControlMessage
            status="error"
          >
            <cds-control-message>
              error message
            </cds-control-message>
          </CdsControlMessage>
        </cds-textarea>
      </CdsTextarea>
      <CdsTextarea
        layout="vertical"
        status="success"
      >
        <cds-textarea>
          <label>
            success status
          </label>
          <textarea />
          <CdsControlMessage
            status="success"
          >
            <cds-control-message>
              success message
            </cds-control-message>
          </CdsControlMessage>
        </cds-textarea>
      </CdsTextarea>
    </cds-form-group>
  </CdsFormGroup>
  <h3>
    Horizontal
  </h3>
  <CdsFormGroup
    layout="horizontal"
  >
    <cds-form-group>
      <CdsTextarea
        layout="horizontal"
      >
        <cds-textarea>
          <label>
            label
          </label>
          <textarea />
          <CdsControlMessage>
            <cds-control-message>
              message text
            </cds-control-message>
          </CdsControlMessage>
        </cds-textarea>
      </CdsTextarea>
      <CdsTextarea
        layout="horizontal"
        status="error"
      >
        <cds-textarea>
          <label>
            error status
          </label>
          <textarea />
          <CdsControlMessage
            status="error"
          >
            <cds-control-message>
              error message
            </cds-control-message>
          </CdsControlMessage>
        </cds-textarea>
      </CdsTextarea>
      <CdsTextarea
        layout="horizontal"
        status="success"
      >
        <cds-textarea>
          <label>
            success status
          </label>
          <textarea />
          <CdsControlMessage
            status="success"
          >
            <cds-control-message>
              success message
            </cds-control-message>
          </CdsControlMessage>
        </cds-textarea>
      </CdsTextarea>
    </cds-form-group>
  </CdsFormGroup>
</div>
`;
