// Jest Snapshot v1, https://goo.gl/fbAQLP

exports[`CdsControl snapshot 1`] = `
<div
  cds-layout="vertical gap:lg"
>
  <CdsControl
    layout="compact"
  >
    <cds-control>
      <label>
        label
      </label>
      <input
        placeholder="some custom control"
      />
      <CdsControlMessage>
        <cds-control-message>
          message text
        </cds-control-message>
      </CdsControlMessage>
    </cds-control>
  </CdsControl>
  <CdsControl
    layout="compact"
    status="error"
  >
    <cds-control>
      <label>
        label
      </label>
      <input
        placeholder="some custom control"
      />
      <CdsControlMessage
        status="error"
      >
        <cds-control-message>
          error message
        </cds-control-message>
      </CdsControlMessage>
    </cds-control>
  </CdsControl>
  <CdsControl
    layout="compact"
    status="success"
  >
    <cds-control>
      <label>
        label
      </label>
      <input
        placeholder="some custom control"
      />
      <CdsControlMessage
        status="success"
      >
        <cds-control-message>
          success message
        </cds-control-message>
      </CdsControlMessage>
    </cds-control>
  </CdsControl>
</div>
`;
