// Jest Snapshot v1, https://goo.gl/fbAQLP

exports[`CdsSelect snapshot 1`] = `
<div>
  <h3>
    Selects
  </h3>
  <CdsFormGroup
    layout="horizontal"
  >
    <cds-form-group>
      <CdsSelect>
        <cds-select>
          <label>
            label
          </label>
          <select>
            <option>
              option one
            </option>
            <option>
              option two
            </option>
            <option>
              option three
            </option>
          </select>
          <CdsControlMessage>
            <cds-control-message>
              message text
            </cds-control-message>
          </CdsControlMessage>
        </cds-select>
      </CdsSelect>
      <CdsSelect
        status="error"
      >
        <cds-select>
          <label>
            error
          </label>
          <select>
            <option>
              option one
            </option>
            <option>
              option two
            </option>
            <option>
              option three
            </option>
          </select>
          <CdsControlMessage
            status="error"
          >
            <cds-control-message>
              error message
            </cds-control-message>
          </CdsControlMessage>
        </cds-select>
      </CdsSelect>
      <CdsSelect
        status="success"
      >
        <cds-select>
          <label>
            success
          </label>
          <select>
            <option>
              option one
            </option>
            <option>
              option two
            </option>
            <option>
              option three
            </option>
          </select>
          <CdsControlMessage
            status="success"
          >
            <cds-control-message>
              success message
            </cds-control-message>
          </CdsControlMessage>
        </cds-select>
      </CdsSelect>
    </cds-form-group>
  </CdsFormGroup>
  <h3>
    Multi-selects
  </h3>
  <CdsSelect>
    <cds-select>
      <label>
        label
      </label>
      <select
        multiple={true}
      >
        <option>
          Option One
        </option>
        <option>
          Option Two
        </option>
        <option>
          Option Three
        </option>
        <option>
          Option Four
        </option>
        <option>
          Option Five
        </option>
      </select>
      <CdsControlMessage>
        <cds-control-message>
          message text
        </cds-control-message>
      </CdsControlMessage>
    </cds-select>
  </CdsSelect>
</div>
`;
