// Jest Snapshot v1, https://goo.gl/fbAQLP

exports[`CdsSearch snapshot 1`] = `
<div>
  <h3>
    Vertical
  </h3>
  <CdsFormGroup
    layout="vertical"
  >
    <cds-form-group>
      <CdsSearch>
        <cds-search>
          <label>
            label
          </label>
          <input
            type="search"
          />
          <CdsControlMessage>
            <cds-control-message>
              message text
            </cds-control-message>
          </CdsControlMessage>
        </cds-search>
      </CdsSearch>
      <CdsSearch
        status="error"
      >
        <cds-search>
          <label>
            error
          </label>
          <input
            type="search"
          />
          <CdsControlMessage
            status="error"
          >
            <cds-control-message>
              error message
            </cds-control-message>
          </CdsControlMessage>
        </cds-search>
      </CdsSearch>
      <CdsSearch
        status="success"
      >
        <cds-search>
          <label>
            success
          </label>
          <input
            type="search"
          />
          <CdsControlMessage
            status="success"
          >
            <cds-control-message>
              success message
            </cds-control-message>
          </CdsControlMessage>
        </cds-search>
      </CdsSearch>
    </cds-form-group>
  </CdsFormGroup>
  <h3>
    Horizontal
  </h3>
  <CdsFormGroup
    layout="horizontal"
  >
    <cds-form-group>
      <CdsSearch
        layout="horizontal"
      >
        <cds-search>
          <label>
            label
          </label>
          <input
            type="search"
          />
          <CdsControlMessage>
            <cds-control-message>
              message text
            </cds-control-message>
          </CdsControlMessage>
        </cds-search>
      </CdsSearch>
      <CdsSearch
        layout="horizontal"
        status="error"
      >
        <cds-search>
          <label>
            error
          </label>
          <input
            type="search"
          />
          <CdsControlMessage
            status="error"
          >
            <cds-control-message>
              error message
            </cds-control-message>
          </CdsControlMessage>
        </cds-search>
      </CdsSearch>
      <CdsSearch
        layout="horizontal"
        status="success"
      >
        <cds-search>
          <label>
            success
          </label>
          <input
            type="search"
          />
          <CdsControlMessage
            status="success"
          >
            <cds-control-message>
              success message
            </cds-control-message>
          </CdsControlMessage>
        </cds-search>
      </CdsSearch>
    </cds-form-group>
  </CdsFormGroup>
  <h3>
    Compact
  </h3>
  <CdsFormGroup
    layout="compact"
  >
    <cds-form-group>
      <CdsSearch
        layout="compact"
      >
        <cds-search>
          <label>
            label
          </label>
          <input
            type="search"
          />
          <CdsControlMessage>
            <cds-control-message>
              message text
            </cds-control-message>
          </CdsControlMessage>
        </cds-search>
      </CdsSearch>
      <CdsSearch
        layout="compact"
        status="error"
      >
        <cds-search>
          <label>
            error
          </label>
          <input
            type="search"
          />
          <CdsControlMessage
            status="error"
          >
            <cds-control-message>
              error message
            </cds-control-message>
          </CdsControlMessage>
        </cds-search>
      </CdsSearch>
      <CdsSearch
        layout="compact"
        status="success"
      >
        <cds-search>
          <label>
            success
          </label>
          <input
            type="search"
          />
          <CdsControlMessage
            status="success"
          >
            <cds-control-message>
              success message
            </cds-control-message>
          </CdsControlMessage>
        </cds-search>
      </CdsSearch>
    </cds-form-group>
  </CdsFormGroup>
</div>
`;
