// Jest Snapshot v1, https://goo.gl/fbAQLP

exports[`CdsInternalPopup snapshot 1`] = `
<div>
  <cds-internal-popup
    aria-modal="true"
  >
    <cds-internal-pointer
      aria-hidden="true"
    />
    Ohai
  </cds-internal-popup>
</div>
`;
