// Jest Snapshot v1, https://goo.gl/fbAQLP

exports[`CdsInternalCloseButton snapshot 1`] = `
<div>
  <cds-internal-close-button />
</div>
`;
