// Jest Snapshot v1, https://goo.gl/fbAQLP

exports[`CdsInternalOverlay snapshot 1`] = `
<div>
  <CdsInternalOverlay>
    <CdsInternalOverlay
      l={null}
    >
      <cds-internal-overlay
        l={null}
      >
        Internal Overlay
      </cds-internal-overlay>
    </CdsInternalOverlay>
  </CdsInternalOverlay>
</div>
`;
