// Jest Snapshot v1, https://goo.gl/fbAQLP

exports[`CdsInternalPanel snapshot 1`] = `
<div>
  <cds-internal-panel>
    Hello!
  </cds-internal-panel>
</div>
`;
