// Jest Snapshot v1, https://goo.gl/fbAQLP

exports[`CdsTestComponent snapshot 1`] = `
<CustomElement(cds-test-component)
  prop1="val1"
  prop2={3}
>
  <cds-test-component>
    Hello World
  </cds-test-component>
</CustomElement(cds-test-component)>
`;
