// Jest Snapshot v1, https://goo.gl/fbAQLP

exports[`CdsRadio snapshot 1`] = `
<div>
  <CdsRadioGroup>
    <cds-radio-group>
      <label>
        radio group
      </label>
      <CdsRadio>
        <cds-radio>
          <label>
            radio 1
          </label>
          <input
            defaultChecked={true}
            type="radio"
          />
        </cds-radio>
      </CdsRadio>
      <CdsRadio>
        <cds-radio>
          <label>
            radio 2
          </label>
          <input
            type="radio"
          />
        </cds-radio>
      </CdsRadio>
      <CdsRadio>
        <cds-radio>
          <label>
            radio 3
          </label>
          <input
            type="radio"
          />
        </cds-radio>
      </CdsRadio>
    </cds-radio-group>
  </CdsRadioGroup>
</div>
`;
