// Jest Snapshot v1, https://goo.gl/fbAQLP

exports[`CdsBreadcrumb snapshot 1`] = `
<div>
  <cds-breadcrumb
    role="navigation"
  >
    <a
      href="#"
    >
      link 1
    </a>
    <a
      href="#"
    >
      link 2
    </a>
  </cds-breadcrumb>
</div>
`;
