// Jest Snapshot v1, https://goo.gl/fbAQLP

exports[`CdsButtonAction snapshot 1`] = `
<div>
  <cds-button-expand
    tabindex="0"
  />
</div>
`;
