// Jest Snapshot v1, https://goo.gl/fbAQLP

exports[`CdsInternalCloseButton snapshot 1`] = `
<div>
  <CdsInternalCloseButton>
    <h
      l={null}
    >
      <cds-internal-close-button
        l={null}
      />
    </h>
  </CdsInternalCloseButton>
</div>
`;
