// Jest Snapshot v1, https://goo.gl/fbAQLP

exports[`CdsCheckbox snapshot 1`] = `
<div>
  <CdsCheckbox>
    <cds-checkbox>
      <label>
        Hello
      </label>
      <input
        type="checkbox"
      />
    </cds-checkbox>
  </CdsCheckbox>
</div>
`;
