// Jest Snapshot v1, https://goo.gl/fbAQLP

exports[`CdsInternalVisualCheckbox snapshot 1`] = `
<div>
  <CdsInternalVisualCheckbox>
    <CdsInternalVisualCheckbox
      l={null}
    >
      <cds-internal-visual-checkbox
        l={null}
      />
    </CdsInternalVisualCheckbox>
  </CdsInternalVisualCheckbox>
</div>
`;
