// Jest Snapshot v1, https://goo.gl/fbAQLP

exports[`CdsRange snapshot 1`] = `
<div>
  <CdsFormGroup
    layout="horizontal"
  >
    <cds-form-group>
      <CdsRange
        layout="horizontal"
      >
        <cds-range>
          <label>
            label
          </label>
          <input
            type="range"
          />
          <CdsControlMessage>
            <cds-control-message>
              message text
            </cds-control-message>
          </CdsControlMessage>
        </cds-range>
      </CdsRange>
      <CdsRange
        layout="horizontal"
      >
        <cds-range>
          <label>
            disabled
          </label>
          <input
            disabled={true}
            type="range"
          />
          <CdsControlMessage>
            <cds-control-message>
              disabled message
            </cds-control-message>
          </CdsControlMessage>
        </cds-range>
      </CdsRange>
      <CdsRange
        layout="horizontal"
        status="error"
      >
        <cds-range>
          <label>
            error
          </label>
          <input
            type="range"
          />
          <CdsControlMessage
            status="error"
          >
            <cds-control-message>
              error message
            </cds-control-message>
          </CdsControlMessage>
        </cds-range>
      </CdsRange>
      <CdsRange
        layout="horizontal"
        status="success"
      >
        <cds-range>
          <label>
            success
          </label>
          <input
            type="range"
          />
          <CdsControlMessage
            status="success"
          >
            <cds-control-message>
              success message
            </cds-control-message>
          </CdsControlMessage>
        </cds-range>
      </CdsRange>
    </cds-form-group>
  </CdsFormGroup>
</div>
`;
