// Jest Snapshot v1, https://goo.gl/fbAQLP

exports[`CdsAlert snapshot 1`] = `
<div>
  <CdsAlert
    status="success"
  >
    <cds-alert>
      Foo
    </cds-alert>
  </CdsAlert>
  <CdsAlertGroup
    status="info"
  >
    <cds-alert-group>
      <CdsAlert
        closable={true}
      >
        <cds-alert>
          Bar
          <CdsAlertActions>
            <cds-alert-actions>
              Baz
            </cds-alert-actions>
          </CdsAlertActions>
        </cds-alert>
      </CdsAlert>
    </cds-alert-group>
  </CdsAlertGroup>
  <CdsAlertGroup
    type="banner"
  >
    <cds-alert-group>
      <CdsAlert
        status="info"
      >
        <cds-alert>
          Foobar
          <CdsAlertActions>
            <cds-alert-actions>
              Test
            </cds-alert-actions>
          </CdsAlertActions>
        </cds-alert>
      </CdsAlert>
    </cds-alert-group>
  </CdsAlertGroup>
</div>
`;
