// Jest Snapshot v1, https://goo.gl/fbAQLP

exports[`CdsInput snapshot 1`] = `
<div>
  <CdsInputGroup>
    <cds-input-group>
      <CdsInput
        layout="vertical"
      >
        <cds-input>
          <label>
            label
          </label>
          <input
            placeholder="name"
          />
        </cds-input>
      </CdsInput>
      <CdsInput
        layout="vertical"
      >
        <cds-input>
          <label>
            disabled
          </label>
          <input
            disabled={true}
            placeholder="name"
          />
        </cds-input>
      </CdsInput>
    </cds-input-group>
  </CdsInputGroup>
</div>
`;
