// Jest Snapshot v1, https://goo.gl/fbAQLP

exports[`CdsDivider snapshot 1`] = `
<div>
  <div>
    <cds-divider />
    <div
      style="height: 140px; margin-top: 24px;"
    >
      <cds-divider>
        1
      </cds-divider>
    </div>
  </div>
</div>
`;
