// Jest Snapshot v1, https://goo.gl/fbAQLP

exports[`CdsPassword snapshot 1`] = `
<div>
  <CdsPassword
    layout="vertical"
  >
    <cds-password>
      <label>
        label
      </label>
      <input
        defaultValue="123456"
        type="password"
      />
    </cds-password>
  </CdsPassword>
</div>
`;
