// Jest Snapshot v1, https://goo.gl/fbAQLP

exports[`CdsCard snapshot 1`] = `
<div>
  <CdsCard>
    <CdsCard
      l={null}
    >
      <cds-card
        l={null}
      >
        Placeholder
      </cds-card>
    </CdsCard>
  </CdsCard>
</div>
`;
