// Jest Snapshot v1, https://goo.gl/fbAQLP

exports[`CdsFile snapshot 1`] = `
<div>
  <CdsFile
    layout="vertical"
  >
    <cds-file>
      <label>
        label
      </label>
      <input
        multiple={true}
        type="file"
      />
    </cds-file>
  </CdsFile>
</div>
`;
