// Jest Snapshot v1, https://goo.gl/fbAQLP

exports[`CdsTag snapshot 1`] = `
<div>
  <CdsTag
    readonly={true}
    status="info"
  >
    <cds-tag>
      Info
    </cds-tag>
  </CdsTag>
  <CdsTag
    readonly={true}
    status="success"
  >
    <cds-tag>
      Success
    </cds-tag>
  </CdsTag>
</div>
`;
