// Jest Snapshot v1, https://goo.gl/fbAQLP

exports[`CdsToggle snapshot 1`] = `
<div>
  <CdsToggleGroup>
    <cds-toggle-group>
      <label>
        A toggle group
      </label>
      <CdsToggle>
        <cds-toggle>
          <label>
            Toggle 1
          </label>
          <input
            type="checkbox"
          />
        </cds-toggle>
      </CdsToggle>
      <CdsToggle>
        <cds-toggle>
          <label>
            Toggle 2
          </label>
          <input
            type="checkbox"
          />
        </cds-toggle>
      </CdsToggle>
      <CdsControlMessage>
        <cds-control-message>
          group message text
        </cds-control-message>
      </CdsControlMessage>
    </cds-toggle-group>
  </CdsToggleGroup>
  <CdsToggle>
    <cds-toggle>
      <label>
        Toggle
      </label>
      <input
        type="checkbox"
      />
      <CdsControlMessage>
        <cds-control-message>
          message text
        </cds-control-message>
      </CdsControlMessage>
    </cds-toggle>
  </CdsToggle>
</div>
`;
