// Jest Snapshot v1, https://goo.gl/fbAQLP

exports[`CdsButtonSort snapshot 1`] = `
<div>
  <cds-button-sort
    aria-label="Sort"
    tabindex="0"
  />
</div>
`;
