// Jest Snapshot v1, https://goo.gl/fbAQLP

exports[`CdsTree snapshot 1`] = `
<div>
  <cds-tree
    role="tree"
    tabindex="0"
  >
    <cds-tree-item
      id="tree-item-1"
      role="treeitem"
      tabindex="-1"
    >
      1
      <cds-tree-item
        id="tree-item-1-1"
        role="treeitem"
        tabindex="-1"
      >
        1-1
        <cds-tree-item
          id="tree-item-1-1-1"
          role="treeitem"
          tabindex="-1"
        >
          1-1-1
        </cds-tree-item>
        <cds-tree-item
          id="tree-item-1-1-2"
          role="treeitem"
          tabindex="-1"
        >
          1-1-2
        </cds-tree-item>
      </cds-tree-item>
      <cds-tree-item
        id="tree-item-1-2"
        role="treeitem"
        tabindex="-1"
      >
        1-2
      </cds-tree-item>
      <cds-tree-item
        id="tree-item-1-3"
        role="treeitem"
        tabindex="-1"
      >
        1-3
      </cds-tree-item>
    </cds-tree-item>
    <cds-tree-item
      id="tree-item-2"
      role="treeitem"
      tabindex="-1"
    >
      2
      <cds-tree-item
        id="tree-item-2-1"
        role="treeitem"
        tabindex="-1"
      >
        2-1
      </cds-tree-item>
      <cds-tree-item
        id="tree-item-2-2"
        role="treeitem"
        tabindex="-1"
      >
        2-2
      </cds-tree-item>
    </cds-tree-item>
    <cds-tree-item
      id="tree-item-3"
      role="treeitem"
      tabindex="-1"
    >
      3
    </cds-tree-item>
  </cds-tree>
</div>
`;
