// Jest Snapshot v1, https://goo.gl/fbAQLP

exports[`CdsModal snapshot 1`] = `
<div>
  <CdsModal>
    <cds-modal>
      <CdsModalHeader>
        <cds-modal-header>
          <h3
            cds-text="title"
          >
            My Modal
          </h3>
        </cds-modal-header>
      </CdsModalHeader>
      <CdsModalContent>
        <cds-modal-content>
          <div
            cds-layout="vertical gap:md p-y:xs"
          >
            <p
              cds-text="body"
            >
              Lorem Ipsum
            </p>
          </div>
        </cds-modal-content>
      </CdsModalContent>
      <CdsModalActions>
        <cds-modal-actions>
          <div
            cds-layout="horizontal gap:sm align:right"
          >
            Foo
          </div>
        </cds-modal-actions>
      </CdsModalActions>
    </cds-modal>
  </CdsModal>
</div>
`;
