// Jest Snapshot v1, https://goo.gl/fbAQLP

exports[`CdsInternalPanel snapshot 1`] = `
<div>
  <CdsInternalPanel>
    <h
      l={null}
    >
      <cds-internal-panel
        l={null}
      >
        Hello!
      </cds-internal-panel>
    </h>
  </CdsInternalPanel>
</div>
`;
