// Jest Snapshot v1, https://goo.gl/fbAQLP

exports[`CdsTime snapshot 1`] = `
<div>
  <CdsTime
    control-width="shrink"
  >
    <cds-time>
      <label>
        Time input
      </label>
      <input
        defaultValue="11:00"
        max="18:00"
        min="09:00"
        type="time"
      />
      <CdsControlMessage>
        <cds-control-message>
          message text
        </cds-control-message>
      </CdsControlMessage>
    </cds-time>
  </CdsTime>
</div>
`;
