// Jest Snapshot v1, https://goo.gl/fbAQLP

exports[`CdsGrid snapshot 1`] = `
<div>
  <CdsGrid
    aria-label="basic datagrid demo"
  >
    <cds-grid(CustomElement)
      __forwardedRef={null}
      aria-label="basic datagrid demo"
    >
      <cds-grid
        __forwardedRef={null}
        aria-label="basic datagrid demo"
      >
        <CdsGridColumn>
          <cds-grid-column(CustomElement)
            __forwardedRef={null}
          >
            <cds-grid-column
              __forwardedRef={null}
            >
              Type
            </cds-grid-column>
          </cds-grid-column(CustomElement)>
        </CdsGridColumn>
        <CdsGridColumn>
          <cds-grid-column(CustomElement)
            __forwardedRef={null}
          >
            <cds-grid-column
              __forwardedRef={null}
            >
              Description
            </cds-grid-column>
          </cds-grid-column(CustomElement)>
        </CdsGridColumn>
        <CdsGridColumn>
          <cds-grid-column(CustomElement)
            __forwardedRef={null}
          >
            <cds-grid-column
              __forwardedRef={null}
            >
              Amount
            </cds-grid-column>
          </cds-grid-column(CustomElement)>
        </CdsGridColumn>
        <CdsGridColumn>
          <cds-grid-column(CustomElement)
            __forwardedRef={null}
          >
            <cds-grid-column
              __forwardedRef={null}
            >
              Balance
            </cds-grid-column>
          </cds-grid-column(CustomElement)>
        </CdsGridColumn>
        <CdsGridRow>
          <cds-grid-row(CustomElement)
            __forwardedRef={null}
          >
            <cds-grid-row
              __forwardedRef={null}
            >
              <CdsGridCell>
                <cds-grid-cell(CustomElement)
                  __forwardedRef={null}
                >
                  <cds-grid-cell
                    __forwardedRef={null}
                  >
                    Deposit
                  </cds-grid-cell>
                </cds-grid-cell(CustomElement)>
              </CdsGridCell>
              <CdsGridCell>
                <cds-grid-cell(CustomElement)
                  __forwardedRef={null}
                >
                  <cds-grid-cell
                    __forwardedRef={null}
                  >
                    Item
                  </cds-grid-cell>
                </cds-grid-cell(CustomElement)>
              </CdsGridCell>
              <CdsGridCell>
                <cds-grid-cell(CustomElement)
                  __forwardedRef={null}
                >
                  <cds-grid-cell
                    __forwardedRef={null}
                  >
                    $1,000,000.00
                  </cds-grid-cell>
                </cds-grid-cell(CustomElement)>
              </CdsGridCell>
              <CdsGridCell>
                <cds-grid-cell(CustomElement)
                  __forwardedRef={null}
                >
                  <cds-grid-cell
                    __forwardedRef={null}
                  >
                    $1,000,000.00
                  </cds-grid-cell>
                </cds-grid-cell(CustomElement)>
              </CdsGridCell>
            </cds-grid-row>
          </cds-grid-row(CustomElement)>
        </CdsGridRow>
        <CdsGridRow>
          <cds-grid-row(CustomElement)
            __forwardedRef={null}
          >
            <cds-grid-row
              __forwardedRef={null}
            >
              <CdsGridCell>
                <cds-grid-cell(CustomElement)
                  __forwardedRef={null}
                >
                  <cds-grid-cell
                    __forwardedRef={null}
                  >
                    Credit
                  </cds-grid-cell>
                </cds-grid-cell(CustomElement)>
              </CdsGridCell>
              <CdsGridCell>
                <cds-grid-cell(CustomElement)
                  __forwardedRef={null}
                >
                  <cds-grid-cell
                    __forwardedRef={null}
                  >
                    Billing
                  </cds-grid-cell>
                </cds-grid-cell(CustomElement)>
              </CdsGridCell>
              <CdsGridCell>
                <cds-grid-cell(CustomElement)
                  __forwardedRef={null}
                >
                  <cds-grid-cell
                    __forwardedRef={null}
                  >
                    $250.00
                  </cds-grid-cell>
                </cds-grid-cell(CustomElement)>
              </CdsGridCell>
              <CdsGridCell>
                <cds-grid-cell(CustomElement)
                  __forwardedRef={null}
                >
                  <cds-grid-cell
                    __forwardedRef={null}
                  >
                    $523,750.00
                  </cds-grid-cell>
                </cds-grid-cell(CustomElement)>
              </CdsGridCell>
            </cds-grid-row>
          </cds-grid-row(CustomElement)>
        </CdsGridRow>
        <CdsGridFooter>
          <cds-grid-footer(CustomElement)
            __forwardedRef={null}
          >
            <cds-grid-footer
              __forwardedRef={null}
            />
          </cds-grid-footer(CustomElement)>
        </CdsGridFooter>
      </cds-grid>
    </cds-grid(CustomElement)>
  </CdsGrid>
</div>
`;
