// Jest Snapshot v1, https://goo.gl/fbAQLP

exports[`CdsIcon snapshot 1`] = `
<div>
  <CdsIcon
    shape="user"
    size="lg"
  >
    <cds-icon />
  </CdsIcon>
  <CdsIcon
    badge="info"
    shape="user"
    size="lg"
  >
    <cds-icon />
  </CdsIcon>
  <CdsIcon
    badge="success"
    shape="user"
    size="lg"
  >
    <cds-icon />
  </CdsIcon>
  <CdsIcon
    badge="danger"
    shape="user"
    size="lg"
  >
    <cds-icon />
  </CdsIcon>
  <CdsIcon
    badge="warning-triangle"
    shape="user"
    size="lg"
  >
    <cds-icon />
  </CdsIcon>
</div>
`;
